Cloning into '<repo>/_capd'...
Note: switching to '03dc5628203334b214bb7d9fd63788a175521005'.

You are in 'detached HEAD' state. You can look around, make experimental
changes and commit them, and you can discard any commits you make in this
state without impacting any branches by switching back to a branch.

If you want to create a new branch to retain commits you create, you may
do so (now or later) by using -c with the switch command. Example:

  git switch -c <new-branch-name>

Or undo this operation with:

  git switch -

Turn off this advice by setting config variable advice.detachedHead to false

HEAD is now at 03dc562 corrected split function in intervals
-- The C compiler identification is GNU 13.3.0
-- The CXX compiler identification is GNU 13.3.0
-- Detecting C compiler ABI info
-- Detecting C compiler ABI info - done
-- Check for working C compiler: /usr/bin/cc - skipped
-- Detecting C compile features
-- Detecting C compile features - done
-- Detecting CXX compiler ABI info
-- Detecting CXX compiler ABI info - done
-- Check for working CXX compiler: /usr/bin/c++ - skipped
-- Detecting CXX compile features
-- Detecting CXX compile features - done
-- CMake version: 3.28.3
-- CAPD version : 6.1.0
-- Build CAPD tests    : OFF
-- Build CAPD examples : OFF
-- CAPD multiprecision : OFF
-- CAPD interval type  : FILIB
-- Processor arch: 64-bit x86 (SSE)
-- Configuring done (3.7s)
-- Generating done (0.0s)
-- Build files have been written to: <repo>/_capd/build
make: Entering directory '<repo>/_capd/build'
make[1]: Entering directory '<repo>/_capd/build'
make[2]: Entering directory '<repo>/_capd/build'
make[2]: Leaving directory '<repo>/_capd/build'
make[2]: Entering directory '<repo>/_capd/build'
[  1%] Building CXX object capdExt/filibsrc/CMakeFiles/filib.dir/ieee/primitive.cpp.o
[  2%] Building CXX object capdExt/filibsrc/CMakeFiles/filib.dir/interval/stdfun/filib_consts.cpp.o
[  4%] Building CXX object capdExt/filibsrc/CMakeFiles/filib.dir/fp_traits/fp_traits_base_double_setup.cpp.o
[  4%] Building CXX object capdExt/filibsrc/CMakeFiles/filib.dir/fp_traits/fp_traits_base_float_setup.cpp.o
[  5%] Building CXX object capdExt/filibsrc/CMakeFiles/filib.dir/fp_traits/fp_traits_double_setup.cpp.o
[  6%] Building CXX object capdExt/filibsrc/CMakeFiles/filib.dir/fp_traits/fp_traits_sse_const.cpp.o
[  7%] Building CXX object capdExt/filibsrc/CMakeFiles/filib.dir/fp_traits/fp_traits_float_setup.cpp.o
[  8%] Building CXX object capdExt/filibsrc/CMakeFiles/filib.dir/fp_traits/fp_traits_x87_const.cpp.o
[  9%] Linking CXX static library libfilib.a
make[2]: Leaving directory '<repo>/_capd/build'
[  9%] Built target filib
make[2]: Entering directory '<repo>/_capd/build'
make[2]: Leaving directory '<repo>/_capd/build'
make[2]: Entering directory '<repo>/_capd/build'
[ 13%] Building CXX object CMakeFiles/capd.dir/capdExt/src/capd/alglib/hsschur.cpp.o
[ 15%] Building CXX object CMakeFiles/capd.dir/capdExt/src/capd/alglib/hessenberg.cpp.o
[ 13%] Building CXX object CMakeFiles/capd.dir/capdExt/src/capd/alglib/ap.cpp.o
[ 16%] Building CXX object CMakeFiles/capd.dir/capdExt/src/capd/alglib/rotations.cpp.o
[ 17%] Building CXX object CMakeFiles/capd.dir/capdExt/src/capd/alglib/blas.cpp.o
[ 17%] Building CXX object CMakeFiles/capd.dir/capdExt/src/capd/alglib/nsevd.cpp.o
[ 19%] Building CXX object CMakeFiles/capd.dir/capdAux/src/capd/auxil/ApplicationDesc.cpp.o
[ 19%] Building CXX object CMakeFiles/capd.dir/capdAux/src/capd/auxil/ofstreamcout.cpp.o
[ 16%] Building CXX object CMakeFiles/capd.dir/capdExt/src/capd/alglib/reflections.cpp.o
[ 20%] Building CXX object CMakeFiles/capd.dir/capdAux/src/capd/auxil/skipCommentsIstream.cpp.o
[ 21%] Building CXX object CMakeFiles/capd.dir/capdAux/src/capd/auxil/logger_deprecated.cpp.o
[ 22%] Building CXX object CMakeFiles/capd.dir/capdAux/src/capd/auxil/arg.cpp.o
[ 23%] Building CXX object CMakeFiles/capd.dir/capdAux/src/capd/auxil/CAPDConfig.cpp.o
[ 25%] Building CXX object CMakeFiles/capd.dir/capdAux/src/capd/auxil/memSize.cpp.o
[ 26%] Building CXX object CMakeFiles/capd.dir/capdAux/src/capd/auxil/timeused.cpp.o
[ 27%] Building CXX object CMakeFiles/capd.dir/capdAlg/src/capd/basicalg/factrial.cpp.o
[ 28%] Building CXX object CMakeFiles/capd.dir/capdAlg/src/capd/basicalg/ieeePrimitive.cpp.o
[ 29%] Building CXX object CMakeFiles/capd.dir/capdAlg/src/capd/intervals/DoubleInterval.cpp.o
[ 30%] Building CXX object CMakeFiles/capd.dir/capdAlg/src/capd/matrixAlgorithms/floatMatrixAlgorithms.cpp.o
[ 31%] Building CXX object CMakeFiles/capd.dir/capdAlg/src/capd/matrixAlgorithms/intMatrixAlgorithms.cpp.o
[ 32%] Building CXX object CMakeFiles/capd.dir/capdAlg/src/capd/rings/Zp.cpp.o
[ 33%] Building CXX object CMakeFiles/capd.dir/capdAlg/src/capd/rounding/DoubleRounding.cpp.o
[ 34%] Building CXX object CMakeFiles/capd.dir/capdAlg/src/capd/vectalg/Multiindex.cpp.o
[ 35%] Building CXX object CMakeFiles/capd.dir/capdAlg/src/capd/vectalg/DVector.cpp.o
[ 38%] Building CXX object CMakeFiles/capd.dir/capdAlg/src/capd/vectalg/DMatrix.cpp.o
[ 38%] Building CXX object CMakeFiles/capd.dir/capdAlg/src/capd/vectalg/ZVector.cpp.o
[ 39%] Building CXX object CMakeFiles/capd.dir/capdAlg/src/capd/vectalg/IVector.cpp.o
[ 40%] Building CXX object CMakeFiles/capd.dir/capdAlg/src/capd/vectalg/Container.cpp.o
[ 41%] Building CXX object CMakeFiles/capd.dir/capdAlg/src/capd/vectalg/LDVector.cpp.o
[ 42%] Building CXX object CMakeFiles/capd.dir/capdAlg/src/capd/vectalg/LDMatrix.cpp.o
[ 43%] Building CXX object CMakeFiles/capd.dir/capdAlg/src/capd/vectalg/IMatrix.cpp.o
[ 44%] Building CXX object CMakeFiles/capd.dir/capdAlg/src/capd/vectalg/Norm.cpp.o
[ 45%] Building CXX object CMakeFiles/capd.dir/capdDynSys/src/capd/autodiff/DagIndexer.cpp.o
[ 46%] Building CXX object CMakeFiles/capd.dir/capdDynSys/src/capd/autodiff/NodeType.cpp.o
[ 47%] Building CXX object CMakeFiles/capd.dir/capdDynSys/src/capd/covrel/TripleSet.cpp.o
[ 48%] Building CXX object CMakeFiles/capd.dir/capdDynSys/src/capd/covrel/HSetMD.cpp.o
[ 50%] Building CXX object CMakeFiles/capd.dir/capdDynSys/src/capd/covrel/HSet2D.cpp.o
[ 51%] Building CXX object CMakeFiles/capd.dir/capdDynSys/src/capd/covrel/HSet3D.cpp.o
[ 52%] Building CXX object CMakeFiles/capd.dir/capdDynSys/src/capd/covrel/HSetND.cpp.o
[ 53%] Building CXX object CMakeFiles/capd.dir/capdDynSys/src/capd/diffAlgebra/CnTimeJet.cpp.o
[ 54%] Building CXX object CMakeFiles/capd.dir/capdDynSys/src/capd/diffAlgebra/C2TimeJet.cpp.o
[ 55%] Building CXX object CMakeFiles/capd.dir/capdDynSys/src/capd/diffAlgebra/Curve.cpp.o
[ 56%] Building CXX object CMakeFiles/capd.dir/capdDynSys/src/capd/diffAlgebra/SolutionCurve.cpp.o
[ 57%] Building CXX object CMakeFiles/capd.dir/capdDynSys/src/capd/diffAlgebra/C1TimeJet.cpp.o
[ 58%] Building CXX object CMakeFiles/capd.dir/capdDynSys/src/capd/diffAlgebra/Hessian.cpp.o
[ 59%] Building CXX object CMakeFiles/capd.dir/capdDynSys/src/capd/diffIncl/DiffInclusionLN.cpp.o
[ 60%] Building CXX object CMakeFiles/capd.dir/capdDynSys/src/capd/diffIncl/DiffInclusion.cpp.o
[ 61%] Building CXX object CMakeFiles/capd.dir/capdDynSys/src/capd/diffIncl/MultiMap.cpp.o
[ 63%] Building CXX object CMakeFiles/capd.dir/capdDynSys/src/capd/diffIncl/InclRect2Set.cpp.o
[ 64%] Building CXX object CMakeFiles/capd.dir/capdDynSys/src/capd/diffIncl/DiffInclusionCW.cpp.o
[ 65%] Building CXX object CMakeFiles/capd.dir/capdDynSys/src/capd/dynset/CnRect2Set.cpp.o
[ 66%] Building CXX object CMakeFiles/capd.dir/capdDynSys/src/capd/dynset/C1DoubletonSet.cpp.o
[ 67%] Building CXX object CMakeFiles/capd.dir/capdDynSys/src/capd/dynset/CoordReorganize.cpp.o
[ 68%] Building CXX object CMakeFiles/capd.dir/capdDynSys/src/capd/dynset/C1AffineSet.cpp.o
[ 69%] Building CXX object CMakeFiles/capd.dir/capdDynSys/src/capd/dynset/C0AffineSet.cpp.o
[ 70%] Building CXX object CMakeFiles/capd.dir/capdDynSys/src/capd/dynset/C2DoubletonSet.cpp.o
[ 71%] Building CXX object CMakeFiles/capd.dir/capdDynSys/src/capd/dynset/C0DoubletonSet.cpp.o
[ 72%] Building CXX object CMakeFiles/capd.dir/capdDynSys/src/capd/dynset/C1HOSet.cpp.o
[ 73%] Building CXX object CMakeFiles/capd.dir/capdDynSys/src/capd/dynset/CnDoubletonSet.cpp.o
[ 75%] Building CXX object CMakeFiles/capd.dir/capdDynSys/src/capd/dynset/C11Rect2Set.cpp.o
[ 76%] Building CXX object CMakeFiles/capd.dir/capdDynSys/src/capd/dynset/C0BallSet.cpp.o
[ 77%] Building CXX object CMakeFiles/capd.dir/capdDynSys/src/capd/dynset/C0TripletonSet.cpp.o
[ 78%] Building CXX object CMakeFiles/capd.dir/capdDynSys/src/capd/dynset/FactorReorganization.cpp.o
[ 79%] Building CXX object CMakeFiles/capd.dir/capdDynSys/src/capd/dynset/C0HOSet.cpp.o
[ 80%] Building CXX object CMakeFiles/capd.dir/capdDynSys/src/capd/dynset/C0FlowballSet.cpp.o
[ 81%] Building CXX object CMakeFiles/capd.dir/capdDynSys/src/capd/dynsys/FadOdeSolver.cpp.o
[ 82%] Building CXX object CMakeFiles/capd.dir/capdDynSys/src/capd/dynsys/DynSys.cpp.o
[ 83%] Building CXX object CMakeFiles/capd.dir/capdDynSys/src/capd/dynsys/OdeSolver.cpp.o
[ 84%] Building CXX object CMakeFiles/capd.dir/capdDynSys/src/capd/dynsys/C2OdeSolver.cpp.o
[ 85%] Building CXX object CMakeFiles/capd.dir/capdDynSys/src/capd/dynsys/CnOdeSolver.cpp.o
[ 86%] Building CXX object CMakeFiles/capd.dir/capdDynSys/src/capd/geomset/MatrixAffineSet.cpp.o
[ 88%] Building CXX object CMakeFiles/capd.dir/capdDynSys/src/capd/geomset/TripletonSet.cpp.o
[ 89%] Building CXX object CMakeFiles/capd.dir/capdDynSys/src/capd/geomset/AffineSet.cpp.o
[ 90%] Building CXX object CMakeFiles/capd.dir/capdDynSys/src/capd/geomset/DoubletonSet.cpp.o
[ 91%] Building CXX object CMakeFiles/capd.dir/capdDynSys/src/capd/geomset/MatrixDoubletonSet.cpp.o
[ 92%] Building CXX object CMakeFiles/capd.dir/capdDynSys/src/capd/map/Function.cpp.o
[ 93%] Building CXX object CMakeFiles/capd.dir/capdDynSys/src/capd/map/Map.cpp.o
[ 94%] Building CXX object CMakeFiles/capd.dir/capdDynSys/src/capd/map/Parser.cpp.o
[ 95%] Building CXX object CMakeFiles/capd.dir/capdDynSys/src/capd/pdes/GeometricBound.cpp.o
[ 96%] Building CXX object CMakeFiles/capd.dir/capdDynSys/src/capd/poincare/TimeMap.cpp.o
[ 97%] Building CXX object CMakeFiles/capd.dir/capdDynSys/src/capd/poincare/PoincareMap.cpp.o
[ 98%] Building CXX object CMakeFiles/capd.dir/capdDynSys/src/capd/poincare/AbstractSection.cpp.o
[100%] Linking CXX static library libcapd.a
make[2]: Leaving directory '<repo>/_capd/build'
[100%] Built target capd
make[1]: Leaving directory '<repo>/_capd/build'
make: Leaving directory '<repo>/_capd/build'
CAPD commit: 03dc5628203334b214bb7d9fd63788a175521005
sha256 of the proof inputs:
d4ef00817db7cdc8fa5362846dc6690a2ae9521a2177e3741a02b5356f690074  proof/design_chain.txt
5ec0c866c2dba36c7d18512d0ad742030b605f65ce152d23997a69ef01fd2a69  proof/check_chain.cpp
3366608261c872e673ee9af9cd7be70cc1414b586550442fe48de5f410fcad62  independent/verify_b.cpp
== control 1: CAPD interval comparisons mean 'certainly'
  OK    comparison semantics: VERIFIED
== control 2: CAPD's own proof of the Rossler horseshoe (Zgliczynski 1997); every line must read true
Existence of attractor: true
P^2( Left (M) ) < Left (M): true
P^2( Right(M) ) > Right(N): true
P^2( Left (N) ) > Right(N): true
P^2( Right(N) ) < Left (M): true
Cone condition on the set M: true
Cone condition on the set N: true
  OK    Rossler control
== checker A on proof/design_chain.txt (Taylor orders 12, 10, 14)
  OK    checker A, order 12: VERIFIED
  OK    checker A, order 10: VERIFIED
  OK    checker A, order 14: VERIFIED
    transition A => A (orientation 1)
    transition A => C0 (orientation 1)
    transition C0 => C1 (orientation 1)
    transition C1 => C2 (orientation 1)
    transition C2 => C3 (orientation 1)
    transition C3 => A (orientation -1)
    disjoint A / C0: VERIFIED
    disjoint A / C1: VERIFIED
    disjoint A / C2: VERIFIED
    disjoint A / C3: VERIFIED
    disjoint C0 / C1: VERIFIED
    disjoint C0 / C2: VERIFIED
    disjoint C0 / C3: VERIFIED
    disjoint C1 / C2: VERIFIED
    disjoint C1 / C3: VERIFIED
    disjoint C2 / C3: VERIFIED
    set A edge u=c-w: VERIFIED (65 enclosures, 1 integration failures resolved by subdivision)
    set A edge u=c+w: VERIFIED (67 enclosures, 3 integration failures resolved by subdivision)
    set A whole set (S): VERIFIED (79 enclosures, 9 integration failures resolved by subdivision)
    set C0 edge u=c-w: VERIFIED (64 enclosures, 0 integration failures resolved by subdivision)
    set C0 edge u=c+w: VERIFIED (64 enclosures, 0 integration failures resolved by subdivision)
    set C0 whole set (S): VERIFIED (64 enclosures, 0 integration failures resolved by subdivision)
    set C1 edge u=c-w: VERIFIED (64 enclosures, 0 integration failures resolved by subdivision)
    set C1 edge u=c+w: VERIFIED (64 enclosures, 0 integration failures resolved by subdivision)
    set C1 whole set (S): VERIFIED (69 enclosures, 1 integration failures resolved by subdivision)
    set C2 edge u=c-w: VERIFIED (64 enclosures, 0 integration failures resolved by subdivision)
    set C2 edge u=c+w: VERIFIED (64 enclosures, 0 integration failures resolved by subdivision)
    set C2 whole set (S): VERIFIED (65 enclosures, 1 integration failures resolved by subdivision)
    set C3 edge u=c-w: VERIFIED (64 enclosures, 0 integration failures resolved by subdivision)
    set C3 edge u=c+w: VERIFIED (64 enclosures, 0 integration failures resolved by subdivision)
    set C3 whole set (S): VERIFIED (64 enclosures, 0 integration failures resolved by subdivision)
== negative controls, checker A (each must be REJECTED)
  OK    checker A, neg_orient: REJECTED
  OK    checker A, neg_narrowC3: REJECTED
  OK    checker A, neg_thinC1: REJECTED
  OK    checker A, B = 7.0: REJECTED
  OK    checker A, B = 7.4: REJECTED
== checker B on proof/design_chain.txt
  OK    checker B: VERIFIED
== negative controls, checker B (each must be REJECTED)
  OK    checker B, last orientation flipped: REJECTED
  OK    checker B, B = 7.4: REJECTED

REPRODUCE: ALL RESULTS AND CONTROLS AS STATED
